npm warn Unknown user config "always-auth". This will stop working in the next major version of npm.

> olisticazzi@0.1.0 build
> next build

  Γû▓ Next.js 14.2.35

   Creating an optimized production build ...
request to https://fonts.googleapis.com/css2?family=Outfit:wght@100..900&display=swap failed, reason: 

Retrying 1/3...
request to https://fonts.googleapis.com/css2?family=Plus+Jakarta+Sans:wght@200..800&display=swap failed, reason: 

Retrying 1/3...
 Γ£ô Compiled successfully
   Linting and checking validity of types ...
   Collecting page data ...
   Generating static pages (0/4) ...
   Generating static pages (1/4) 
   Generating static pages (2/4) 
   Generating static pages (3/4) 
 Γ£ô Generating static pages (4/4)
   Finalizing page optimization ...
   Collecting build traces ...

Route (app)                              Size     First Load JS
Γöî Γùï /                                    61.8 kB         193 kB
Γöö Γùï /_not-found                          872 B          88.2 kB
+ First Load JS shared by all            87.3 kB
  Γö£ chunks/901-25db79cd3484389c.js       31.7 kB
  Γö£ chunks/e54491a5-6abc2357a349d881.js  53.6 kB
  Γöö other shared chunks (total)          1.92 kB


Γùï  (Static)  prerendered as static content

